// Jest Snapshot v1, https://goo.gl/fbAQLP

exports[`Individual Video Item Module Testing Renders Matches Snapshot 1`] = `
<div
  className="makeStyles-root-1"
  onClick={[Function]}
  style={
    Object {
      "borderColor": "white",
    }
  }
>
  <div
    className="MuiPaper-root makeStyles-paper-2 MuiPaper-elevation1 MuiPaper-rounded"
    style={
      Object {
        "borderColor": "white",
      }
    }
  >
    <div
      className="MuiGrid-root MuiGrid-container MuiGrid-spacing-xs-2"
    >
      <div
        className="MuiGrid-root MuiGrid-item"
      >
        <button
          className="MuiButtonBase-root makeStyles-preview-3"
          disabled={false}
          onBlur={[Function]}
          onDragLeave={[Function]}
          onFocus={[Function]}
          onKeyDown={[Function]}
          onKeyUp={[Function]}
          onMouseDown={[Function]}
          onMouseLeave={[Function]}
          onMouseUp={[Function]}
          onTouchEnd={[Function]}
          onTouchMove={[Function]}
          onTouchStart={[Function]}
          tabIndex={0}
          type="button"
        >
          <img
            alt="complex"
            className="makeStyles-img-4"
            src="https://i.ytimg.com/vi/DZjpDfgXNe0/hqdefault.jpg"
          />
          <span
            className="MuiTouchRipple-root"
          />
        </button>
      </div>
      <div
        className="MuiGrid-root MuiGrid-container MuiGrid-item MuiGrid-grid-xs-12 MuiGrid-grid-sm-true"
      >
        <div
          className="MuiGrid-root MuiGrid-container MuiGrid-spacing-xs-2 MuiGrid-item MuiGrid-direction-xs-column MuiGrid-grid-xs-true"
        >
          <div
            className="MuiGrid-root MuiGrid-item MuiGrid-grid-xs-true"
          >
            <h6
              className="MuiTypography-root MuiTypography-subtitle1 MuiTypography-gutterBottom"
            >
              Castion - El Zorro
            </h6>
          </div>
          <div
            className="MuiGrid-root MuiGrid-item"
          >
            <p
              className="MuiTypography-root MuiTypography-body2"
              style={
                Object {
                  "cursor": "pointer",
                }
              }
            >
              Illumi Music
            </p>
          </div>
        </div>
        <div
          className="MuiGrid-root MuiGrid-item"
          onClick={[Function]}
        >
          <svg
            aria-hidden="true"
            className="MuiSvgIcon-root makeStyles-bigIcon-6"
            focusable="false"
            style={
              Object {
                "cursor": "pointer",
              }
            }
            viewBox="0 0 24 24"
          >
            <path
              d="M12 2C6.47 2 2 6.47 2 12s4.47 10 10 10 10-4.47 10-10S17.53 2 12 2zm5 13.59L15.59 17 12 13.41 8.41 17 7 15.59 10.59 12 7 8.41 8.41 7 12 10.59 15.59 7 17 8.41 13.41 12 17 15.59z"
            />
          </svg>
        </div>
      </div>
    </div>
  </div>
</div>
`;
