// Jest Snapshot v1, https://goo.gl/fbAQLP

exports[`Metadata Information Module Testing Renders Matches Snapshot 1`] = `
<ul
  className="MuiList-root MuiList-padding"
>
  <div
    aria-disabled={false}
    className="MuiButtonBase-root MuiListItem-root MuiListItem-gutters MuiListItem-button"
    onBlur={[Function]}
    onDragLeave={[Function]}
    onFocus={[Function]}
    onKeyDown={[Function]}
    onKeyUp={[Function]}
    onMouseDown={[Function]}
    onMouseLeave={[Function]}
    onMouseUp={[Function]}
    onTouchEnd={[Function]}
    onTouchMove={[Function]}
    onTouchStart={[Function]}
    role="button"
    tabIndex={0}
  >
    <div>
      <button
        className="MuiButtonBase-root MuiButton-root MuiButton-outlined MuiButton-outlinedPrimary"
        disabled={false}
        onBlur={[Function]}
        onClick={[Function]}
        onDragLeave={[Function]}
        onFocus={[Function]}
        onKeyDown={[Function]}
        onKeyUp={[Function]}
        onMouseDown={[Function]}
        onMouseLeave={[Function]}
        onMouseUp={[Function]}
        onTouchEnd={[Function]}
        onTouchMove={[Function]}
        onTouchStart={[Function]}
        tabIndex={0}
        type="button"
      >
        <span
          className="MuiButton-label"
        >
          Find on Deezer
        </span>
        <span
          className="MuiTouchRipple-root"
        />
      </button>
    </div>
    <span
      className="MuiTouchRipple-root"
    />
  </div>
  <hr
    className="MuiDivider-root"
  />
  <div>
    <h4
      className="MuiTypography-root MuiTypography-h4"
      style={
        Object {
          "textAlign": "center",
        }
      }
    >
      Video Information
    </h4>
    <li
      className="MuiListItem-root MuiListItem-gutters"
      disabled={false}
    >
      <div
        className="MuiListItemText-root MuiListItemText-multiline"
      >
        <span
          className="MuiTypography-root MuiListItemText-primary MuiTypography-body1 MuiTypography-displayBlock"
        >
          YouTube Channel Name
        </span>
        <p
          className="MuiTypography-root MuiListItemText-secondary MuiTypography-body2 MuiTypography-colorTextSecondary MuiTypography-displayBlock"
        >
          Illumi Music
        </p>
      </div>
    </li>
    <li
      className="MuiListItem-root MuiListItem-gutters"
      disabled={false}
    >
      <div
        className="MuiListItemText-root MuiListItemText-multiline"
      >
        <span
          className="MuiTypography-root MuiListItemText-primary MuiTypography-body1 MuiTypography-displayBlock"
        >
          Stored Video Description
        </span>
        <p
          className="MuiTypography-root MuiListItemText-secondary MuiTypography-body2 MuiTypography-colorTextSecondary MuiTypography-displayBlock"
        >
          [Electro House] Castion - El Zorro (Extended Mix) ➥ Our Spotify: https://illumi.fanlink.to/spotify 📱 Subscribe! Help us to 250,000 🔥 Turn on notifications to stay updated! 🔔 El Zorro by Castion is out now on Mixmash Bold! 🔥 ⬇️ Stream/Download: http://bit.ly/ELZORRO 🎶 Our Spotify Playlists: Future House 🕺 https://illumi.fanlink.to/futurehouse Future Bounce 🔥 https://illumi.fanlink.to/futurebounce Bass House 😈 https://illumi.fanlink.to/basshouse Deep House 🌴 https://illumi.fanlink.to/deephouse YouTube Uploads ▶️ https://illumi.fanlink.to/youtubeuploads 🙏 Join to Illumi Nation Discord: https://discord.gg/Qd8KXru 👕 Merch: http://bit.ly/illumimerch 🎧 Submit Your Track: https://submissions.illumimusic.eu 📀 Promo for Record Labels: promo@illumimusic.eu 📧 Contact: contact@illumimusic.eu ©️🚫This track is NOT copyright free! Copyright Free Music here: http://bit.ly/2si4AyM ➥ Follow Illumi Music: https://www.facebook.com/IllumiMusic https://soundcloud.com/illumi-music https://twitter.com/IllumiMusic https://www.instagram.com/illumimusicyt https://www.snapchat.com/add/illumimusic https://vk.com/illumimusictv ➥ Follow Castion: https://soundcloud.com/castionmusic https://www.facebook.com/CastionMusic https://twitter.com/CastionMusic https://www.instagram.com/castionmusic 📷 Photo by Philipp Lansing Tags: #Castion #ElZorro #BassHouse #Mixmash #FutureHouse #FutureBounce #HouseMusic #DeepHouse #ElectroHouse #EDM #PartyMusic #ShuffleDance #Shuffle #FestivalMusic #Electronic #ElectronicMusic #Dance #Dancemusic #Summermusic #Music #NewMusic #ElectronicDanceMusic #IllumiMusic #Illumi #Music #Future #House Castion - El Zorro Castion - El Zorro (Extended Mix)
        </p>
      </div>
    </li>
  </div>
  <div>
    No Metadata Stored
  </div>
</ul>
`;
